Archive member included to satisfy reference by file (symbol)

c:/windows-arm-none-eabi-master/bin/../lib/gcc/arm-none-eabi/8.2.1/../../../../arm-none-eabi/lib\libc_nano.a(lib_a-errno.o)
                              syscalls.o (__errno)
c:/windows-arm-none-eabi-master/bin/../lib/gcc/arm-none-eabi/8.2.1/../../../../arm-none-eabi/lib\libc_nano.a(lib_a-exit.o)
                              c:/windows-arm-none-eabi-master/bin/../lib/gcc/arm-none-eabi/8.2.1/../../../../arm-none-eabi/lib/crt0.o (exit)
c:/windows-arm-none-eabi-master/bin/../lib/gcc/arm-none-eabi/8.2.1/../../../../arm-none-eabi/lib\libc_nano.a(lib_a-impure.o)
                              c:/windows-arm-none-eabi-master/bin/../lib/gcc/arm-none-eabi/8.2.1/../../../../arm-none-eabi/lib\libc_nano.a(lib_a-exit.o) (_global_impure_ptr)
c:/windows-arm-none-eabi-master/bin/../lib/gcc/arm-none-eabi/8.2.1/../../../../arm-none-eabi/lib\libc_nano.a(lib_a-init.o)
                              c:/windows-arm-none-eabi-master/bin/../lib/gcc/arm-none-eabi/8.2.1/../../../../arm-none-eabi/lib/crt0.o (__libc_init_array)
c:/windows-arm-none-eabi-master/bin/../lib/gcc/arm-none-eabi/8.2.1/../../../../arm-none-eabi/lib\libc_nano.a(lib_a-memset.o)
                              c:/windows-arm-none-eabi-master/bin/../lib/gcc/arm-none-eabi/8.2.1/../../../../arm-none-eabi/lib/crt0.o (memset)

Allocating common symbols
Common symbol       size              file

x                   0x4               main.o
y                   0x4               main.o

Memory Configuration

Name             Origin             Length             Attributes
FLASH            0x08000000         0x00020000         xr
SRAM             0x20000000         0x00008000         xrw
*default*        0x00000000         0xffffffff

Linker script and memory map

LOAD c:/windows-arm-none-eabi-master/bin/../lib/gcc/arm-none-eabi/8.2.1/crti.o
LOAD c:/windows-arm-none-eabi-master/bin/../lib/gcc/arm-none-eabi/8.2.1/crtbegin.o
LOAD c:/windows-arm-none-eabi-master/bin/../lib/gcc/arm-none-eabi/8.2.1/../../../../arm-none-eabi/lib/crt0.o
LOAD main.o
LOAD stm32_startup.o
LOAD syscalls.o
START GROUP
LOAD c:/windows-arm-none-eabi-master/bin/../lib/gcc/arm-none-eabi/8.2.1\libgcc.a
LOAD c:/windows-arm-none-eabi-master/bin/../lib/gcc/arm-none-eabi/8.2.1/../../../../arm-none-eabi/lib\libc_nano.a
END GROUP
START GROUP
LOAD c:/windows-arm-none-eabi-master/bin/../lib/gcc/arm-none-eabi/8.2.1\libgcc.a
LOAD c:/windows-arm-none-eabi-master/bin/../lib/gcc/arm-none-eabi/8.2.1/../../../../arm-none-eabi/lib\libc_nano.a
END GROUP
LOAD c:/windows-arm-none-eabi-master/bin/../lib/gcc/arm-none-eabi/8.2.1/crtend.o
LOAD c:/windows-arm-none-eabi-master/bin/../lib/gcc/arm-none-eabi/8.2.1/crtn.o

.isr_vector     0x08000000      0x1c8
 *(.isr_vector)
 .isr_vector    0x08000000      0x1c8 stm32_startup.o
                0x08000000                isr_vector

.text           0x080001c8      0x464
                0x080001c8                . = ALIGN (0x4)
 *(.text)
 .text          0x080001c8        0x0 c:/windows-arm-none-eabi-master/bin/../lib/gcc/arm-none-eabi/8.2.1/crti.o
 .text          0x080001c8       0x70 c:/windows-arm-none-eabi-master/bin/../lib/gcc/arm-none-eabi/8.2.1/crtbegin.o
 .text          0x08000238      0x114 c:/windows-arm-none-eabi-master/bin/../lib/gcc/arm-none-eabi/8.2.1/../../../../arm-none-eabi/lib/crt0.o
                0x08000238                _start
                0x08000238                _mainCRTStartup
 .text          0x0800034c       0x50 main.o
                0x0800034c                add
                0x08000366                main
 .text          0x0800039c       0x8c stm32_startup.o
                0x0800039c                dma1_stream6_handler
                0x0800039c                dma1_stream3_handler
                0x0800039c                dma1_stream4_handler
                0x0800039c                exti0_handler
                0x0800039c                tim1_brk_tim9_handler
                0x0800039c                dma2_stream2_handler
                0x0800039c                i2c4_er_handler
                0x0800039c                tim1_trg_com_tim11_handler
                0x0800039c                dma2_stream3_handler
                0x0800039c                svcall_handler
                0x0800039c                dma2_stream6_handler
                0x0800039c                i2c1_er_handler
                0x0800039c                systick_handler
                0x0800039c                exti3_handler
                0x0800039c                exti21_tamp_stamp_handler
                0x0800039c                usage_fault_handler
                0x0800039c                exti1_handler
                0x0800039c                default_handler
                0x0800039c                exti9_5_handler
                0x0800039c                fpu_handler
                0x0800039c                rng_handler
                0x0800039c                dma1_stream1_handler
                0x0800039c                exti15_10_handler
                0x0800039c                spi2_handler
                0x0800039c                hard_fault_handler
                0x0800039c                exti19_handler
                0x0800039c                pvd_handler
                0x0800039c                dma2_stream4_handler
                0x0800039c                dma2_stream1_handler
                0x0800039c                flash_handler
                0x0800039c                dma1_stream5_handler
                0x0800039c                dma1_stream2_handler
                0x0800039c                usart6_handler
                0x0800039c                lptim1_exti23_handler
                0x0800039c                dma2_stream7_handler
                0x0800039c                debug_monitor_handler
                0x0800039c                rcc_handler
                0x0800039c                exti22_rtc_wkup_handler
                0x0800039c                spi1_handler
                0x0800039c                pendsv_handler
                0x0800039c                tim1_up_handler
                0x0800039c                i2c4_ev_handler
                0x0800039c                usart2_handler
                0x0800039c                dma1_stream0_handler
                0x0800039c                dma1_stream7_handler
                0x0800039c                adc_handler
                0x0800039c                i2c1_ev_handler
                0x0800039c                exti2_handler
                0x0800039c                tim5_handler
                0x0800039c                exti20_handler
                0x0800039c                i2c2_ev_handler
                0x0800039c                i2c2_er_handler
                0x0800039c                nmi_handler
                0x0800039c                usart1_handler
                0x0800039c                dma2_stream5_handler
                0x0800039c                wwdg_handler
                0x0800039c                spi5_handler
                0x0800039c                tim6_dac_handler
                0x0800039c                exti4_handler
                0x0800039c                dma2_stream0_handler
                0x0800039c                bus_fault_handler
                0x0800039c                tim1_cc_handler
                0x0800039c                exti17_rtc_alarm_handler
                0x080003a2                reset_handler
 .text          0x08000428      0x202 syscalls.o
                0x08000428                initialise_monitor_handles
                0x08000434                _getpid
                0x08000442                _kill
                0x08000462                _exit
                0x08000476                _read
                0x080004b0                _write
                0x080004e8                _close
                0x080004fe                _fstat
                0x0800051c                _isatty
                0x08000530                _lseek
                0x08000548                _open
                0x08000562                _wait
                0x08000580                _unlink
                0x0800059e                _times
                0x080005b4                _stat
                0x080005d2                _link
                0x080005f2                _fork
                0x08000608                _execve
 .text          0x0800062a        0x0 c:/windows-arm-none-eabi-master/bin/../lib/gcc/arm-none-eabi/8.2.1/../../../../arm-none-eabi/lib\libc_nano.a(lib_a-errno.o)
 .text          0x0800062a        0x0 c:/windows-arm-none-eabi-master/bin/../lib/gcc/arm-none-eabi/8.2.1/../../../../arm-none-eabi/lib\libc_nano.a(lib_a-exit.o)
 .text          0x0800062a        0x0 c:/windows-arm-none-eabi-master/bin/../lib/gcc/arm-none-eabi/8.2.1/../../../../arm-none-eabi/lib\libc_nano.a(lib_a-impure.o)
 .text          0x0800062a        0x0 c:/windows-arm-none-eabi-master/bin/../lib/gcc/arm-none-eabi/8.2.1/../../../../arm-none-eabi/lib\libc_nano.a(lib_a-init.o)
 .text          0x0800062a        0x0 c:/windows-arm-none-eabi-master/bin/../lib/gcc/arm-none-eabi/8.2.1/../../../../arm-none-eabi/lib\libc_nano.a(lib_a-memset.o)
 .text          0x0800062a        0x0 c:/windows-arm-none-eabi-master/bin/../lib/gcc/arm-none-eabi/8.2.1/crtend.o
 .text          0x0800062a        0x0 c:/windows-arm-none-eabi-master/bin/../lib/gcc/arm-none-eabi/8.2.1/crtn.o
 *(.rodata)
                0x0800062c                . = ALIGN (0x4)
 *fill*         0x0800062a        0x2 
                0x0800062c                _etext = .
                0x08000754                _sidata = LOADADDR (.data)

.glue_7         0x0800062c        0x0
 .glue_7        0x0800062c        0x0 linker stubs

.glue_7t        0x0800062c        0x0
 .glue_7t       0x0800062c        0x0 linker stubs

.vfp11_veneer   0x0800062c        0x0
 .vfp11_veneer  0x0800062c        0x0 linker stubs

.v4_bx          0x0800062c        0x0
 .v4_bx         0x0800062c        0x0 linker stubs

.init           0x0800062c       0x18
 .init          0x0800062c        0xc c:/windows-arm-none-eabi-master/bin/../lib/gcc/arm-none-eabi/8.2.1/crti.o
                0x0800062c                _init
 .init          0x08000638        0xc c:/windows-arm-none-eabi-master/bin/../lib/gcc/arm-none-eabi/8.2.1/crtn.o

.fini           0x08000644       0x18
 .fini          0x08000644        0xc c:/windows-arm-none-eabi-master/bin/../lib/gcc/arm-none-eabi/8.2.1/crti.o
                0x08000644                _fini
 .fini          0x08000650        0xc c:/windows-arm-none-eabi-master/bin/../lib/gcc/arm-none-eabi/8.2.1/crtn.o

.iplt           0x0800065c        0x0
 .iplt          0x0800065c        0x0 c:/windows-arm-none-eabi-master/bin/../lib/gcc/arm-none-eabi/8.2.1/crtbegin.o

.text.__errno   0x0800065c       0x10
 .text.__errno  0x0800065c       0x10 c:/windows-arm-none-eabi-master/bin/../lib/gcc/arm-none-eabi/8.2.1/../../../../arm-none-eabi/lib\libc_nano.a(lib_a-errno.o)
                0x0800065c                __errno

.text.exit      0x0800066c       0x40
 .text.exit     0x0800066c       0x40 c:/windows-arm-none-eabi-master/bin/../lib/gcc/arm-none-eabi/8.2.1/../../../../arm-none-eabi/lib\libc_nano.a(lib_a-exit.o)
                0x0800066c                exit

.text.__libc_init_array
                0x080006ac       0x80
 .text.__libc_init_array
                0x080006ac       0x80 c:/windows-arm-none-eabi-master/bin/../lib/gcc/arm-none-eabi/8.2.1/../../../../arm-none-eabi/lib\libc_nano.a(lib_a-init.o)
                0x080006ac                __libc_init_array

.text.memset    0x0800072c       0x18
 .text.memset   0x0800072c       0x18 c:/windows-arm-none-eabi-master/bin/../lib/gcc/arm-none-eabi/8.2.1/../../../../arm-none-eabi/lib\libc_nano.a(lib_a-memset.o)
                0x0800072c                memset

.eh_frame       0x08000744        0x4
 .eh_frame      0x08000744        0x0 c:/windows-arm-none-eabi-master/bin/../lib/gcc/arm-none-eabi/8.2.1/crtbegin.o
 .eh_frame      0x08000744        0x4 c:/windows-arm-none-eabi-master/bin/../lib/gcc/arm-none-eabi/8.2.1/crtend.o

.ARM.extab      0x08000748        0x0
 .ARM.extab     0x08000748        0x0 c:/windows-arm-none-eabi-master/bin/../lib/gcc/arm-none-eabi/8.2.1/../../../../arm-none-eabi/lib/crt0.o

.ARM.exidx      0x08000748        0x8
 .ARM.exidx     0x08000748        0x8 c:/windows-arm-none-eabi-master/bin/../lib/gcc/arm-none-eabi/8.2.1/../../../../arm-none-eabi/lib/crt0.o

.rodata._global_impure_ptr
                0x08000750        0x4
 .rodata._global_impure_ptr
                0x08000750        0x4 c:/windows-arm-none-eabi-master/bin/../lib/gcc/arm-none-eabi/8.2.1/../../../../arm-none-eabi/lib\libc_nano.a(lib_a-impure.o)
                0x08000750                _global_impure_ptr

.rel.dyn        0x08000754        0x0
 .rel.iplt      0x08000754        0x0 c:/windows-arm-none-eabi-master/bin/../lib/gcc/arm-none-eabi/8.2.1/crtbegin.o

.data           0x20000000        0xc load address 0x08000754
                0x20000000                . = ALIGN (0x4)
                0x20000000                _sdata = .
 *(.data)
 .data          0x20000000        0x0 c:/windows-arm-none-eabi-master/bin/../lib/gcc/arm-none-eabi/8.2.1/crti.o
 .data          0x20000000        0x4 c:/windows-arm-none-eabi-master/bin/../lib/gcc/arm-none-eabi/8.2.1/crtbegin.o
                0x20000000                __dso_handle
 .data          0x20000004        0x0 c:/windows-arm-none-eabi-master/bin/../lib/gcc/arm-none-eabi/8.2.1/../../../../arm-none-eabi/lib/crt0.o
 .data          0x20000004        0x4 main.o
                0x20000004                counter
 .data          0x20000008        0x0 stm32_startup.o
 .data          0x20000008        0x4 syscalls.o
                0x20000008                environ
 .data          0x2000000c        0x0 c:/windows-arm-none-eabi-master/bin/../lib/gcc/arm-none-eabi/8.2.1/../../../../arm-none-eabi/lib\libc_nano.a(lib_a-errno.o)
 .data          0x2000000c        0x0 c:/windows-arm-none-eabi-master/bin/../lib/gcc/arm-none-eabi/8.2.1/../../../../arm-none-eabi/lib\libc_nano.a(lib_a-exit.o)
 .data          0x2000000c        0x0 c:/windows-arm-none-eabi-master/bin/../lib/gcc/arm-none-eabi/8.2.1/../../../../arm-none-eabi/lib\libc_nano.a(lib_a-impure.o)
 .data          0x2000000c        0x0 c:/windows-arm-none-eabi-master/bin/../lib/gcc/arm-none-eabi/8.2.1/../../../../arm-none-eabi/lib\libc_nano.a(lib_a-init.o)
 .data          0x2000000c        0x0 c:/windows-arm-none-eabi-master/bin/../lib/gcc/arm-none-eabi/8.2.1/../../../../arm-none-eabi/lib\libc_nano.a(lib_a-memset.o)
 .data          0x2000000c        0x0 c:/windows-arm-none-eabi-master/bin/../lib/gcc/arm-none-eabi/8.2.1/crtend.o
 .data          0x2000000c        0x0 c:/windows-arm-none-eabi-master/bin/../lib/gcc/arm-none-eabi/8.2.1/crtn.o
                0x2000000c                . = ALIGN (0x4)
                0x2000000c                _edata = .

.init_array     0x2000000c        0x4 load address 0x08000760
 .init_array    0x2000000c        0x4 c:/windows-arm-none-eabi-master/bin/../lib/gcc/arm-none-eabi/8.2.1/crtbegin.o

.fini_array     0x20000010        0x4 load address 0x08000764
 .fini_array    0x20000010        0x4 c:/windows-arm-none-eabi-master/bin/../lib/gcc/arm-none-eabi/8.2.1/crtbegin.o

.igot.plt       0x20000014        0x0 load address 0x08000768
 .igot.plt      0x20000014        0x0 c:/windows-arm-none-eabi-master/bin/../lib/gcc/arm-none-eabi/8.2.1/crtbegin.o

.data._impure_ptr
                0x20000014        0x4 load address 0x08000768
 .data._impure_ptr
                0x20000014        0x4 c:/windows-arm-none-eabi-master/bin/../lib/gcc/arm-none-eabi/8.2.1/../../../../arm-none-eabi/lib\libc_nano.a(lib_a-impure.o)
                0x20000014                _impure_ptr

.data.impure_data
                0x20000018       0x60 load address 0x0800076c
 .data.impure_data
                0x20000018       0x60 c:/windows-arm-none-eabi-master/bin/../lib/gcc/arm-none-eabi/8.2.1/../../../../arm-none-eabi/lib\libc_nano.a(lib_a-impure.o)

.bss            0x20000078       0x28 load address 0x080007cc
                0x20000078                . = ALIGN (0x4)
                0x20000078                _sbss = .
                0x20000078                __bss_start__ = _sbss
 *(.bss)
 .bss           0x20000078        0x0 c:/windows-arm-none-eabi-master/bin/../lib/gcc/arm-none-eabi/8.2.1/crti.o
 .bss           0x20000078       0x1c c:/windows-arm-none-eabi-master/bin/../lib/gcc/arm-none-eabi/8.2.1/crtbegin.o
 .bss           0x20000094        0x0 c:/windows-arm-none-eabi-master/bin/../lib/gcc/arm-none-eabi/8.2.1/../../../../arm-none-eabi/lib/crt0.o
 .bss           0x20000094        0x0 main.o
 .bss           0x20000094        0x0 stm32_startup.o
 .bss           0x20000094        0x4 syscalls.o
                0x20000094                __env
 .bss           0x20000098        0x0 c:/windows-arm-none-eabi-master/bin/../lib/gcc/arm-none-eabi/8.2.1/../../../../arm-none-eabi/lib\libc_nano.a(lib_a-errno.o)
 .bss           0x20000098        0x0 c:/windows-arm-none-eabi-master/bin/../lib/gcc/arm-none-eabi/8.2.1/../../../../arm-none-eabi/lib\libc_nano.a(lib_a-exit.o)
 .bss           0x20000098        0x0 c:/windows-arm-none-eabi-master/bin/../lib/gcc/arm-none-eabi/8.2.1/../../../../arm-none-eabi/lib\libc_nano.a(lib_a-impure.o)
 .bss           0x20000098        0x0 c:/windows-arm-none-eabi-master/bin/../lib/gcc/arm-none-eabi/8.2.1/../../../../arm-none-eabi/lib\libc_nano.a(lib_a-init.o)
 .bss           0x20000098        0x0 c:/windows-arm-none-eabi-master/bin/../lib/gcc/arm-none-eabi/8.2.1/../../../../arm-none-eabi/lib\libc_nano.a(lib_a-memset.o)
 .bss           0x20000098        0x0 c:/windows-arm-none-eabi-master/bin/../lib/gcc/arm-none-eabi/8.2.1/crtend.o
 .bss           0x20000098        0x0 c:/windows-arm-none-eabi-master/bin/../lib/gcc/arm-none-eabi/8.2.1/crtn.o
                0x20000098                . = ALIGN (0x4)
                0x20000098                _ebss = .
                0x20000098                __bss_end__ = _ebss
 COMMON         0x20000098        0x8 main.o
                0x20000098                x
                0x2000009c                y
OUTPUT(final.elf elf32-littlearm)

.ARM.attributes
                0x00000000       0x2c
 .ARM.attributes
                0x00000000       0x1c c:/windows-arm-none-eabi-master/bin/../lib/gcc/arm-none-eabi/8.2.1/crti.o
 .ARM.attributes
                0x0000001c       0x2a c:/windows-arm-none-eabi-master/bin/../lib/gcc/arm-none-eabi/8.2.1/crtbegin.o
 .ARM.attributes
                0x00000046       0x1a c:/windows-arm-none-eabi-master/bin/../lib/gcc/arm-none-eabi/8.2.1/../../../../arm-none-eabi/lib/crt0.o
 .ARM.attributes
                0x00000060       0x2e main.o
 .ARM.attributes
                0x0000008e       0x2e stm32_startup.o
 .ARM.attributes
                0x000000bc       0x2e syscalls.o
 .ARM.attributes
                0x000000ea       0x2a c:/windows-arm-none-eabi-master/bin/../lib/gcc/arm-none-eabi/8.2.1/../../../../arm-none-eabi/lib\libc_nano.a(lib_a-errno.o)
 .ARM.attributes
                0x00000114       0x2a c:/windows-arm-none-eabi-master/bin/../lib/gcc/arm-none-eabi/8.2.1/../../../../arm-none-eabi/lib\libc_nano.a(lib_a-exit.o)
 .ARM.attributes
                0x0000013e       0x30 c:/windows-arm-none-eabi-master/bin/../lib/gcc/arm-none-eabi/8.2.1/../../../../arm-none-eabi/lib\libc_nano.a(lib_a-impure.o)
 .ARM.attributes
                0x0000016e       0x2a c:/windows-arm-none-eabi-master/bin/../lib/gcc/arm-none-eabi/8.2.1/../../../../arm-none-eabi/lib\libc_nano.a(lib_a-init.o)
 .ARM.attributes
                0x00000198       0x2a c:/windows-arm-none-eabi-master/bin/../lib/gcc/arm-none-eabi/8.2.1/../../../../arm-none-eabi/lib\libc_nano.a(lib_a-memset.o)
 .ARM.attributes
                0x000001c2       0x30 c:/windows-arm-none-eabi-master/bin/../lib/gcc/arm-none-eabi/8.2.1/crtend.o
 .ARM.attributes
                0x000001f2       0x1c c:/windows-arm-none-eabi-master/bin/../lib/gcc/arm-none-eabi/8.2.1/crtn.o

.comment        0x00000000       0x75
 .comment       0x00000000       0x75 main.o
                                 0x76 (size before relaxing)
 .comment       0x00000075       0x76 stm32_startup.o
 .comment       0x00000075       0x76 syscalls.o

.debug_frame    0x00000000       0xa0
 .debug_frame   0x00000000       0x20 c:/windows-arm-none-eabi-master/bin/../lib/gcc/arm-none-eabi/8.2.1/../../../../arm-none-eabi/lib\libc_nano.a(lib_a-errno.o)
 .debug_frame   0x00000020       0x28 c:/windows-arm-none-eabi-master/bin/../lib/gcc/arm-none-eabi/8.2.1/../../../../arm-none-eabi/lib\libc_nano.a(lib_a-exit.o)
 .debug_frame   0x00000048       0x38 c:/windows-arm-none-eabi-master/bin/../lib/gcc/arm-none-eabi/8.2.1/../../../../arm-none-eabi/lib\libc_nano.a(lib_a-init.o)
 .debug_frame   0x00000080       0x20 c:/windows-arm-none-eabi-master/bin/../lib/gcc/arm-none-eabi/8.2.1/../../../../arm-none-eabi/lib\libc_nano.a(lib_a-memset.o)
